EN kwadrat NULL C:/Users/lab/Desktop/projekt1uciswv1.2/kwadrat.vhd sub00/vhpl00 1714471574
EN kwadrat_sch NULL C:/Users/lab/Desktop/projekt1uciswv1.2/kwadrat_sch.vhf sub00/vhpl02 1714471578
AR kwadrat behavioral C:/Users/lab/Desktop/projekt1uciswv1.2/kwadrat.vhd sub00/vhpl01 1714471575
AR kwadrat_sch behavioral C:/Users/lab/Desktop/projekt1uciswv1.2/kwadrat_sch.vhf sub00/vhpl03 1714471579
AR mysz behavioral C:/Users/lab/Desktop/projekt1uciswv1.2/mysz.vhd sub00/vhpl05 1714471577
EN mysz NULL C:/Users/lab/Desktop/projekt1uciswv1.2/mysz.vhd sub00/vhpl04 1714471576
