EN kwadrat NULL C:/Users/lab/Desktop/projekt1uciswv2.1/kwadrat.vhd sub00/vhpl00 1716289526
EN kwadrat_sch NULL C:/Users/lab/Desktop/projekt1uciswv2.1/kwadrat_sch.vhf sub00/vhpl02 1716289530
AR kwadrat behavioral C:/Users/lab/Desktop/projekt1uciswv2.1/kwadrat.vhd sub00/vhpl01 1716289527
AR kwadrat_sch behavioral C:/Users/lab/Desktop/projekt1uciswv2.1/kwadrat_sch.vhf sub00/vhpl03 1716289531
AR mysz behavioral C:/Users/lab/Desktop/projekt1uciswv2.1/mysz.vhd sub00/vhpl05 1716289529
EN mysz NULL C:/Users/lab/Desktop/projekt1uciswv2.1/mysz.vhd sub00/vhpl04 1716289528
