V3 21
FL C:/Users/lab/Desktop/projekt1ucisw/kwadrat.vhd 2024/04/11.10:31:53 P.20131013
FL C:/Users/lab/Desktop/projekt1ucisw/kwadrat_sch.vhf 2024/04/11.10:21:48 P.20131013
FL C:/Users/lab/Desktop/projekt1uciswv1.1/kwadrat.vhd 2024/04/25.09:28:00 P.20131013
FL C:/Users/lab/Desktop/projekt1uciswv1.1/kwadrat_sch.vhf 2024/04/25.10:58:55 P.20131013
FL C:/Users/lab/Desktop/projekt1uciswv1.1/mysz.vhd 2024/04/25.10:54:14 P.20131013
FL C:/Users/lab/Desktop/projekt1uciswv1.2/kwadrat.vhd 2024/04/30.12:06:10 P.20131013
FL C:/Users/lab/Desktop/projekt1uciswv1.2/kwadrat_sch.vhf 2024/04/30.10:31:46 P.20131013
FL C:/Users/lab/Desktop/projekt1uciswv1.2/mysz.vhd 2024/04/30.11:54:28 P.20131013
FL C:/Users/lab/Desktop/projekt1uciswv2.1/kwadrat.vhd 2024/05/21.13:05:20 P.20131013
EN work/kwadrat 1716289526 FL C:/Users/lab/Desktop/projekt1uciswv2.1/kwadrat.vhd \
      PB ieee/std_logic_1164 1381692176 PB ieee/NUMERIC_STD 1381692181 LB UNISIM \
      PH unisim/VCOMPONENTS 1381692182
AR work/kwadrat/Behavioral 1716289527 \
      FL C:/Users/lab/Desktop/projekt1uciswv2.1/kwadrat.vhd EN work/kwadrat 1716289526
FL C:/Users/lab/Desktop/projekt1uciswv2.1/kwadrat_sch.vhf 2024/04/30.10:31:48 P.20131013
EN work/kwadrat_sch 1716289530 \
      FL C:/Users/lab/Desktop/projekt1uciswv2.1/kwadrat_sch.vhf \
      PB ieee/std_logic_1164 1381692176 PB ieee/NUMERIC_STD 1381692181 LB UNISIM \
      PH unisim/VCOMPONENTS 1381692182
AR work/kwadrat_sch/BEHAVIORAL 1716289531 \
      FL C:/Users/lab/Desktop/projekt1uciswv2.1/kwadrat_sch.vhf \
      EN work/kwadrat_sch 1716289530 CP kwadrat CP PS2_Mouse CP mysz
FL C:/Users/lab/Desktop/projekt1uciswv2.1/mysz.vhd 2024/05/21.13:04:43 P.20131013
EN work/mysz 1716289528 FL C:/Users/lab/Desktop/projekt1uciswv2.1/mysz.vhd \
      PB ieee/std_logic_1164 1381692176 PB ieee/NUMERIC_STD 1381692181
AR work/mysz/Behavioral 1716289529 \
      FL C:/Users/lab/Desktop/projekt1uciswv2.1/mysz.vhd EN work/mysz 1716289528
